<REDACTED>Running command
<REDACTED>Completed action <REDACTED>
Attachment ID: <REDACTED>
Timestamp: <REDACTED>
Secret token: <REDACTED>
