Saved output from run_command
Reusable content verified via capture_and_compare
